18:25:49 - Starting gui_launcher.py
18:25:49 - Importing modules...
18:25:49 - Modules imported successfully
18:25:49 - Initializing SharedVars and Config...
18:25:53 - Initializing Main UI (ctk.CTk)...
18:25:53 - Loading themes...
18:25:53 - Creating main container...
18:25:53 - Creating content area...
18:25:53 - Initializing SidebarNavigation...
18:25:53 - Creating sidebar footer...
18:25:53 - Creating compact mode frame...
18:25:53 - Initializing handlers...
18:25:53 - Loading initial tabs...
18:25:54 - Initial tabs loaded
18:25:54 - Entering main block
18:25:54 - Creating data directory...
18:25:54 - Scheduling startup tasks...
18:25:54 - Initializing UI Updater...
18:25:54 - Starting mainloop...
18:25:54 - Initializing application logic...
18:25:54 - Starting gui_launcher.py
18:25:55 - Importing modules...
18:25:55 - Modules imported successfully
18:25:55 - Initializing SharedVars and Config...
